Copyright 1986-2022 Xilinx, Inc. All Rights Reserved. Copyright 2022-2024 Advanced Micro Devices, Inc. All Rights Reserved.
---------------------------------------------------------------------------------------------------------------------------------------------
| Tool Version : Vivado v.2024.2 (lin64) Build 5239630 Fri Nov 08 22:34:34 MST 2024
| Date         : Mon Jun 29 15:10:41 2026
| Host         : ming-lab running 64-bit Ubuntu 24.04.4 LTS
| Command      : report_control_sets -verbose -file design_1_cnn_npu_wrapper_control_sets_placed.rpt
| Design       : design_1_cnn_npu_wrapper
| Device       : xc7z020
---------------------------------------------------------------------------------------------------------------------------------------------

Control Set Information

Table of Contents
-----------------
1. Summary
2. Histogram
3. Flip-Flop Distribution
4. Detailed Control Set Information

1. Summary
----------

+----------------------------------------------------------+-------+
|                          Status                          | Count |
+----------------------------------------------------------+-------+
| Total control sets                                       |   195 |
|    Minimum number of control sets                        |   195 |
|    Addition due to synthesis replication                 |     0 |
|    Addition due to physical synthesis replication        |     0 |
| Unused register locations in slices containing registers |   279 |
+----------------------------------------------------------+-------+
* Control sets can be merged at opt_design using control_set_merge or merge_equivalent_drivers
** Run report_qor_suggestions for automated merging and remapping suggestions


2. Histogram
------------

+--------------------+-------+
|       Fanout       | Count |
+--------------------+-------+
| Total control sets |   195 |
| >= 0 to < 4        |     1 |
| >= 4 to < 6        |    14 |
| >= 6 to < 8        |    15 |
| >= 8 to < 10       |    39 |
| >= 10 to < 12      |     3 |
| >= 12 to < 14      |     3 |
| >= 14 to < 16      |     4 |
| >= 16              |   116 |
+--------------------+-------+
* Control sets can be remapped at either synth_design or opt_design


3. Flip-Flop Distribution
-------------------------

+--------------+-----------------------+------------------------+-----------------+--------------+
| Clock Enable | Synchronous Set/Reset | Asynchronous Set/Reset | Total Registers | Total Slices |
+--------------+-----------------------+------------------------+-----------------+--------------+
| No           | No                    | No                     |             176 |           77 |
| No           | No                    | Yes                    |             118 |           46 |
| No           | Yes                   | No                     |              81 |           39 |
| Yes          | No                    | No                     |             988 |          378 |
| Yes          | No                    | Yes                    |             721 |          251 |
| Yes          | Yes                   | No                     |            4461 |         1879 |
+--------------+-----------------------+------------------------+-----------------+--------------+


4. Detailed Control Set Information
-----------------------------------

+---------------------------------------------------------+--------------------------------------------------------------------------------------------------------------------------------------------------------------------+-----------------------------------------------------------------------------------------------------------------------------------------------+------------------+----------------+--------------+
|                       Clock Signal                      |                                                                            Enable Signal                                                                           |                                                                Set/Reset Signal                                                               | Slice Load Count | Bel Load Count | Bels / Slice |
+---------------------------------------------------------+--------------------------------------------------------------------------------------------------------------------------------------------------------------------+-----------------------------------------------------------------------------------------------------------------------------------------------+------------------+----------------+--------------+
|  design_1_cnn_npu_i/processing_system7_0/inst/FCLK_CLK0 | design_1_cnn_npu_i/axi_interconnect_0/s00_couplers/auto_pc/inst/gen_axilite.gen_b2s_conv.axilite_b2s/WR.b_channel_0/bid_fifo_0/bresp_push                          |                                                                                                                                               |                1 |              2 |         2.00 |
|  design_1_cnn_npu_i/processing_system7_0/inst/FCLK_CLK0 |                                                                                                                                                                    | design_1_cnn_npu_i/axi_interconnect_0/s00_couplers/auto_pc/inst/gen_axilite.gen_b2s_conv.axilite_b2s/SI_REG/ar.ar_pipe/aresetn_d_reg[0]_0     |                3 |              4 |         1.33 |
|  design_1_cnn_npu_i/processing_system7_0/inst/FCLK_CLK0 | design_1_cnn_npu_i/myip_cnn_classificat_0/inst/u_core/p_0_in                                                                                                       | design_1_cnn_npu_i/myip_cnn_classificat_0/inst/myip_cnn_classification_slave_lite_v1_0_S00_AXI_inst/reset_p0                                  |                1 |              4 |         4.00 |
|  design_1_cnn_npu_i/processing_system7_0/inst/FCLK_CLK0 | design_1_cnn_npu_i/myip_cnn_classificat_0/inst/u_core/class_idx[3]_i_1_n_0                                                                                         | design_1_cnn_npu_i/myip_cnn_classificat_0/inst/myip_cnn_classification_slave_lite_v1_0_S00_AXI_inst/reset_p0                                  |                1 |              4 |         4.00 |
|  design_1_cnn_npu_i/processing_system7_0/inst/FCLK_CLK0 | design_1_cnn_npu_i/axi_interconnect_0/xbar/inst/gen_sasd.crossbar_sasd_0/addr_arbiter_inst/m_grant_enc_i                                                           | design_1_cnn_npu_i/axi_interconnect_0/xbar/inst/gen_sasd.crossbar_sasd_0/addr_arbiter_inst/SR[0]                                              |                2 |              4 |         2.00 |
|  design_1_cnn_npu_i/processing_system7_0/inst/FCLK_CLK0 | design_1_cnn_npu_i/myip_cnn_classificat_0/inst/myip_cnn_classification_slave_lite_v1_0_S00_AXI_inst/axi_araddr[5]_i_1_n_0                                          |                                                                                                                                               |                1 |              4 |         4.00 |
|  design_1_cnn_npu_i/processing_system7_0/inst/FCLK_CLK0 | design_1_cnn_npu_i/myip_cnn_classificat_0/inst/myip_cnn_classification_slave_lite_v1_0_S00_AXI_inst/axi_awaddr                                                     | design_1_cnn_npu_i/myip_cnn_classificat_0/inst/myip_cnn_classification_slave_lite_v1_0_S00_AXI_inst/axi_awready_i_1_n_0                       |                1 |              4 |         4.00 |
|  design_1_cnn_npu_i/processing_system7_0/inst/FCLK_CLK0 | design_1_cnn_npu_i/myip_cnn_uart_cntr_0/inst/myip_cnn_uart_cntr_slave_lite_v1_0_S00_AXI_inst/CEC                                                                   | design_1_cnn_npu_i/myip_cnn_uart_cntr_0/inst/myip_cnn_uart_cntr_slave_lite_v1_0_S00_AXI_inst/M_AXI_AWADDR[31]_i_1_n_0                         |                3 |              4 |         1.33 |
|  design_1_cnn_npu_i/processing_system7_0/inst/FCLK_CLK0 |                                                                                                                                                                    | design_1_cnn_npu_i/axi_interconnect_0/s00_couplers/auto_pc/inst/gen_axilite.gen_b2s_conv.axilite_b2s/SI_REG/ar.ar_pipe/aresetn_d_reg[1]_inv_0 |                2 |              4 |         2.00 |
|  design_1_cnn_npu_i/processing_system7_0/inst/FCLK_CLK0 |                                                                                                                                                                    | design_1_cnn_npu_i/proc_sys_reset_0/U0/EXT_LPF/lpf_int                                                                                        |                3 |              4 |         1.33 |
|  design_1_cnn_npu_i/processing_system7_0/inst/FCLK_CLK0 | design_1_cnn_npu_i/myip_cnn_uart_cntr_0/inst/myip_cnn_uart_cntr_slave_lite_v1_0_S00_AXI_inst/fsm_class                                                             | design_1_cnn_npu_i/myip_cnn_uart_cntr_0/inst/myip_cnn_uart_cntr_slave_lite_v1_0_S00_AXI_inst/M_AXI_AWADDR[31]_i_1_n_0                         |                1 |              4 |         4.00 |
|  design_1_cnn_npu_i/processing_system7_0/inst/FCLK_CLK0 |                                                                                                                                                                    | design_1_cnn_npu_i/axi_interconnect_0/xbar/inst/gen_sasd.crossbar_sasd_0/addr_arbiter_inst/s_arvalid_reg                                      |                1 |              4 |         4.00 |
|  design_1_cnn_npu_i/processing_system7_0/inst/FCLK_CLK0 | design_1_cnn_npu_i/axi_interconnect_0/s00_couplers/auto_pc/inst/gen_axilite.gen_b2s_conv.axilite_b2s/RD.r_channel_0/rd_data_fifo_0/cnt_read[4]_i_1_n_0             | design_1_cnn_npu_i/axi_interconnect_0/s00_couplers/auto_pc/inst/gen_axilite.gen_b2s_conv.axilite_b2s/areset_d1                                |                1 |              5 |         5.00 |
|  design_1_cnn_npu_i/processing_system7_0/inst/FCLK_CLK0 | design_1_cnn_npu_i/myip_cnn_uart_cntr_0/inst/myip_cnn_uart_cntr_slave_lite_v1_0_S00_AXI_inst/st[4]_i_1_n_0                                                         | design_1_cnn_npu_i/myip_cnn_uart_cntr_0/inst/myip_cnn_uart_cntr_slave_lite_v1_0_S00_AXI_inst/M_AXI_AWADDR[31]_i_1_n_0                         |                3 |              5 |         1.67 |
|  design_1_cnn_npu_i/processing_system7_0/inst/FCLK_CLK0 | design_1_cnn_npu_i/axi_interconnect_0/s00_couplers/auto_pc/inst/gen_axilite.gen_b2s_conv.axilite_b2s/RD.r_channel_0/rd_data_fifo_0/E[0]                            | design_1_cnn_npu_i/axi_interconnect_0/s00_couplers/auto_pc/inst/gen_axilite.gen_b2s_conv.axilite_b2s/areset_d1                                |                2 |              5 |         2.50 |
|  design_1_cnn_npu_i/processing_system7_0/inst/FCLK_CLK0 | design_1_cnn_npu_i/axi_interconnect_0/s00_couplers/auto_pc/inst/gen_axilite.gen_b2s_conv.axilite_b2s/RD.ar_channel_0/ar_cmd_fsm_0/E[0]                             |                                                                                                                                               |                2 |              6 |         3.00 |
|  design_1_cnn_npu_i/processing_system7_0/inst/FCLK_CLK0 | design_1_cnn_npu_i/myip_cnn_classificat_0/inst/u_core/pw[5]_i_1_n_0                                                                                                | design_1_cnn_npu_i/myip_cnn_classificat_0/inst/myip_cnn_classification_slave_lite_v1_0_S00_AXI_inst/reset_p0                                  |                3 |              6 |         2.00 |
|  design_1_cnn_npu_i/processing_system7_0/inst/FCLK_CLK0 | design_1_cnn_npu_i/myip_cnn_classificat_0/inst/u_core/ph[5]_i_1_n_0                                                                                                | design_1_cnn_npu_i/myip_cnn_classificat_0/inst/myip_cnn_classification_slave_lite_v1_0_S00_AXI_inst/reset_p0                                  |                4 |              6 |         1.50 |
|  design_1_cnn_npu_i/processing_system7_0/inst/FCLK_CLK0 | design_1_cnn_npu_i/myip_cnn_classificat_0/inst/u_core/pc[5]_i_1_n_0                                                                                                | design_1_cnn_npu_i/myip_cnn_classificat_0/inst/myip_cnn_classification_slave_lite_v1_0_S00_AXI_inst/reset_p0                                  |                4 |              6 |         1.50 |
|  design_1_cnn_npu_i/processing_system7_0/inst/FCLK_CLK0 | design_1_cnn_npu_i/myip_cnn_classificat_0/inst/u_core/ow[5]_i_1_n_0                                                                                                | design_1_cnn_npu_i/myip_cnn_classificat_0/inst/myip_cnn_classification_slave_lite_v1_0_S00_AXI_inst/reset_p0                                  |                3 |              6 |         2.00 |
|  design_1_cnn_npu_i/processing_system7_0/inst/FCLK_CLK0 | design_1_cnn_npu_i/axi_interconnect_0/s00_couplers/auto_pc/inst/gen_axilite.gen_b2s_conv.axilite_b2s/RD.ar_channel_0/ar_cmd_fsm_0/FSM_sequential_state_reg[1]_2[0] |                                                                                                                                               |                4 |              6 |         1.50 |
|  design_1_cnn_npu_i/processing_system7_0/inst/FCLK_CLK0 | design_1_cnn_npu_i/proc_sys_reset_0/U0/SEQ/seq_cnt_en                                                                                                              | design_1_cnn_npu_i/proc_sys_reset_0/U0/SEQ/SEQ_COUNTER/clear                                                                                  |                1 |              6 |         6.00 |
|  design_1_cnn_npu_i/processing_system7_0/inst/FCLK_CLK0 | design_1_cnn_npu_i/axi_interconnect_0/s00_couplers/auto_pc/inst/gen_axilite.gen_b2s_conv.axilite_b2s/WR.aw_channel_0/aw_cmd_fsm_0/E[0]                             |                                                                                                                                               |                2 |              6 |         3.00 |
|  design_1_cnn_npu_i/processing_system7_0/inst/FCLK_CLK0 | design_1_cnn_npu_i/axi_interconnect_0/s00_couplers/auto_pc/inst/gen_axilite.gen_b2s_conv.axilite_b2s/WR.aw_channel_0/aw_cmd_fsm_0/FSM_sequential_state_reg[1]_2[0] |                                                                                                                                               |                3 |              6 |         2.00 |
|  design_1_cnn_npu_i/processing_system7_0/inst/FCLK_CLK0 | design_1_cnn_npu_i/myip_cnn_classificat_0/inst/u_core/oh[5]_i_1_n_0                                                                                                | design_1_cnn_npu_i/myip_cnn_classificat_0/inst/myip_cnn_classification_slave_lite_v1_0_S00_AXI_inst/reset_p0                                  |                4 |              6 |         1.50 |
|  design_1_cnn_npu_i/processing_system7_0/inst/FCLK_CLK0 | design_1_cnn_npu_i/myip_cnn_classificat_0/inst/u_core/oc[5]_i_1_n_0                                                                                                | design_1_cnn_npu_i/myip_cnn_classificat_0/inst/myip_cnn_classification_slave_lite_v1_0_S00_AXI_inst/reset_p0                                  |                5 |              6 |         1.20 |
|  design_1_cnn_npu_i/processing_system7_0/inst/FCLK_CLK0 | design_1_cnn_npu_i/myip_cnn_classificat_0/inst/u_core/ic[5]_i_1_n_0                                                                                                | design_1_cnn_npu_i/myip_cnn_classificat_0/inst/myip_cnn_classification_slave_lite_v1_0_S00_AXI_inst/reset_p0                                  |                2 |              6 |         3.00 |
|  design_1_cnn_npu_i/processing_system7_0/inst/FCLK_CLK0 | design_1_cnn_npu_i/myip_cnn_classificat_0/inst/u_core/dense_o[6]_i_1_n_0                                                                                           | design_1_cnn_npu_i/myip_cnn_classificat_0/inst/myip_cnn_classification_slave_lite_v1_0_S00_AXI_inst/reset_p0                                  |                3 |              7 |         2.33 |
|  design_1_cnn_npu_i/processing_system7_0/inst/FCLK_CLK0 | design_1_cnn_npu_i/myip_cnn_classificat_0/inst/u_core/state[5]_i_1_n_0                                                                                             | design_1_cnn_npu_i/myip_cnn_classificat_0/inst/myip_cnn_classification_slave_lite_v1_0_S00_AXI_inst/reset_p0                                  |                6 |              7 |         1.17 |
|  design_1_cnn_npu_i/processing_system7_0/inst/FCLK_CLK0 | design_1_cnn_npu_i/myip_cnn_uart_cntr_0/inst/myip_cnn_uart_cntr_slave_lite_v1_0_S00_AXI_inst/slv_reg0[0]                                                           | design_1_cnn_npu_i/myip_cnn_uart_cntr_0/inst/myip_cnn_uart_cntr_slave_lite_v1_0_S00_AXI_inst/M_AXI_AWADDR[31]_i_1_n_0                         |                2 |              7 |         3.50 |
|  design_1_cnn_npu_i/processing_system7_0/inst/FCLK_CLK0 | design_1_cnn_npu_i/myip_cnn_classificat_0/inst/myip_cnn_classification_slave_lite_v1_0_S00_AXI_inst/slv_reg3[23]_i_1_n_0                                           | design_1_cnn_npu_i/myip_cnn_classificat_0/inst/myip_cnn_classification_slave_lite_v1_0_S00_AXI_inst/axi_awready_i_1_n_0                       |                3 |              8 |         2.67 |
|  design_1_cnn_npu_i/processing_system7_0/inst/FCLK_CLK0 | design_1_cnn_npu_i/myip_cnn_classificat_0/inst/myip_cnn_classification_slave_lite_v1_0_S00_AXI_inst/p_1_in[23]                                                     | design_1_cnn_npu_i/myip_cnn_classificat_0/inst/myip_cnn_classification_slave_lite_v1_0_S00_AXI_inst/axi_awready_i_1_n_0                       |                2 |              8 |         4.00 |
|  design_1_cnn_npu_i/processing_system7_0/inst/FCLK_CLK0 | design_1_cnn_npu_i/myip_cnn_classificat_0/inst/myip_cnn_classification_slave_lite_v1_0_S00_AXI_inst/p_1_in[15]                                                     | design_1_cnn_npu_i/myip_cnn_classificat_0/inst/myip_cnn_classification_slave_lite_v1_0_S00_AXI_inst/axi_awready_i_1_n_0                       |                1 |              8 |         8.00 |
|  design_1_cnn_npu_i/processing_system7_0/inst/FCLK_CLK0 | design_1_cnn_npu_i/myip_cnn_classificat_0/inst/myip_cnn_classification_slave_lite_v1_0_S00_AXI_inst/p_1_in[7]                                                      | design_1_cnn_npu_i/myip_cnn_classificat_0/inst/myip_cnn_classification_slave_lite_v1_0_S00_AXI_inst/axi_awready_i_1_n_0                       |                3 |              8 |         2.67 |
|  design_1_cnn_npu_i/processing_system7_0/inst/FCLK_CLK0 | design_1_cnn_npu_i/myip_cnn_classificat_0/inst/myip_cnn_classification_slave_lite_v1_0_S00_AXI_inst/slv_reg4[7]_i_1_n_0                                            | design_1_cnn_npu_i/myip_cnn_classificat_0/inst/myip_cnn_classification_slave_lite_v1_0_S00_AXI_inst/axi_awready_i_1_n_0                       |                3 |              8 |         2.67 |
|  design_1_cnn_npu_i/processing_system7_0/inst/FCLK_CLK0 | design_1_cnn_npu_i/myip_cnn_classificat_0/inst/myip_cnn_classification_slave_lite_v1_0_S00_AXI_inst/slv_reg4[31]_i_1_n_0                                           | design_1_cnn_npu_i/myip_cnn_classificat_0/inst/myip_cnn_classification_slave_lite_v1_0_S00_AXI_inst/axi_awready_i_1_n_0                       |                3 |              8 |         2.67 |
|  design_1_cnn_npu_i/processing_system7_0/inst/FCLK_CLK0 | design_1_cnn_npu_i/myip_cnn_classificat_0/inst/myip_cnn_classification_slave_lite_v1_0_S00_AXI_inst/slv_reg4[23]_i_1_n_0                                           | design_1_cnn_npu_i/myip_cnn_classificat_0/inst/myip_cnn_classification_slave_lite_v1_0_S00_AXI_inst/axi_awready_i_1_n_0                       |                3 |              8 |         2.67 |
|  design_1_cnn_npu_i/processing_system7_0/inst/FCLK_CLK0 | design_1_cnn_npu_i/myip_cnn_classificat_0/inst/myip_cnn_classification_slave_lite_v1_0_S00_AXI_inst/slv_reg4[15]_i_1_n_0                                           | design_1_cnn_npu_i/myip_cnn_classificat_0/inst/myip_cnn_classification_slave_lite_v1_0_S00_AXI_inst/axi_awready_i_1_n_0                       |                2 |              8 |         4.00 |
|  design_1_cnn_npu_i/processing_system7_0/inst/FCLK_CLK0 | design_1_cnn_npu_i/myip_cnn_classificat_0/inst/myip_cnn_classification_slave_lite_v1_0_S00_AXI_inst/slv_reg3[7]_i_1_n_0                                            | design_1_cnn_npu_i/myip_cnn_classificat_0/inst/myip_cnn_classification_slave_lite_v1_0_S00_AXI_inst/axi_awready_i_1_n_0                       |                1 |              8 |         8.00 |
|  design_1_cnn_npu_i/processing_system7_0/inst/FCLK_CLK0 | design_1_cnn_npu_i/myip_cnn_classificat_0/inst/myip_cnn_classification_slave_lite_v1_0_S00_AXI_inst/slv_reg3[31]_i_1_n_0                                           | design_1_cnn_npu_i/myip_cnn_classificat_0/inst/myip_cnn_classification_slave_lite_v1_0_S00_AXI_inst/axi_awready_i_1_n_0                       |                1 |              8 |         8.00 |
|  design_1_cnn_npu_i/processing_system7_0/inst/FCLK_CLK0 | design_1_cnn_npu_i/myip_uart_rxtx_0/inst/myip_uart_rxtx_slave_lite_v1_0_S00_AXI_inst/u_tx/E[0]                                                                     | design_1_cnn_npu_i/myip_uart_rxtx_0/inst/myip_uart_rxtx_slave_lite_v1_0_S00_AXI_inst/u_rx/SR[0]                                               |                3 |              8 |         2.67 |
|  design_1_cnn_npu_i/processing_system7_0/inst/FCLK_CLK0 | design_1_cnn_npu_i/myip_cnn_classificat_0/inst/myip_cnn_classification_slave_lite_v1_0_S00_AXI_inst/slv_reg3[15]_i_1_n_0                                           | design_1_cnn_npu_i/myip_cnn_classificat_0/inst/myip_cnn_classification_slave_lite_v1_0_S00_AXI_inst/axi_awready_i_1_n_0                       |                2 |              8 |         4.00 |
|  design_1_cnn_npu_i/processing_system7_0/inst/FCLK_CLK0 | design_1_cnn_npu_i/myip_uart_rxtx_0/inst/myip_uart_rxtx_slave_lite_v1_0_S00_AXI_inst/slv_reg5[23]_i_1_n_0                                                          | design_1_cnn_npu_i/myip_uart_rxtx_0/inst/myip_uart_rxtx_slave_lite_v1_0_S00_AXI_inst/u_rx/SR[0]                                               |                2 |              8 |         4.00 |
|  design_1_cnn_npu_i/processing_system7_0/inst/FCLK_CLK0 | design_1_cnn_npu_i/myip_uart_rxtx_0/inst/myip_uart_rxtx_slave_lite_v1_0_S00_AXI_inst/slv_reg5[31]_i_1_n_0                                                          | design_1_cnn_npu_i/myip_uart_rxtx_0/inst/myip_uart_rxtx_slave_lite_v1_0_S00_AXI_inst/u_rx/SR[0]                                               |                2 |              8 |         4.00 |
|  design_1_cnn_npu_i/processing_system7_0/inst/FCLK_CLK0 | design_1_cnn_npu_i/myip_uart_rxtx_0/inst/myip_uart_rxtx_slave_lite_v1_0_S00_AXI_inst/slv_reg5[7]_i_1_n_0                                                           | design_1_cnn_npu_i/myip_uart_rxtx_0/inst/myip_uart_rxtx_slave_lite_v1_0_S00_AXI_inst/u_rx/SR[0]                                               |                2 |              8 |         4.00 |
|  design_1_cnn_npu_i/processing_system7_0/inst/FCLK_CLK0 | design_1_cnn_npu_i/myip_uart_rxtx_0/inst/myip_uart_rxtx_slave_lite_v1_0_S00_AXI_inst/p_1_in[2]                                                                     | design_1_cnn_npu_i/myip_uart_rxtx_0/inst/myip_uart_rxtx_slave_lite_v1_0_S00_AXI_inst/u_rx/SR[0]                                               |                2 |              8 |         4.00 |
|  design_1_cnn_npu_i/processing_system7_0/inst/FCLK_CLK0 | design_1_cnn_npu_i/myip_uart_rxtx_0/inst/myip_uart_rxtx_slave_lite_v1_0_S00_AXI_inst/p_1_in[15]                                                                    | design_1_cnn_npu_i/myip_uart_rxtx_0/inst/myip_uart_rxtx_slave_lite_v1_0_S00_AXI_inst/u_rx/SR[0]                                               |                2 |              8 |         4.00 |
|  design_1_cnn_npu_i/processing_system7_0/inst/FCLK_CLK0 | design_1_cnn_npu_i/myip_uart_rxtx_0/inst/myip_uart_rxtx_slave_lite_v1_0_S00_AXI_inst/p_1_in[23]                                                                    | design_1_cnn_npu_i/myip_uart_rxtx_0/inst/myip_uart_rxtx_slave_lite_v1_0_S00_AXI_inst/u_rx/SR[0]                                               |                4 |              8 |         2.00 |
|  design_1_cnn_npu_i/processing_system7_0/inst/FCLK_CLK0 | design_1_cnn_npu_i/myip_uart_rxtx_0/inst/myip_uart_rxtx_slave_lite_v1_0_S00_AXI_inst/p_1_in[31]                                                                    | design_1_cnn_npu_i/myip_uart_rxtx_0/inst/myip_uart_rxtx_slave_lite_v1_0_S00_AXI_inst/u_rx/SR[0]                                               |                2 |              8 |         4.00 |
|  design_1_cnn_npu_i/processing_system7_0/inst/FCLK_CLK0 | design_1_cnn_npu_i/axi_interconnect_0/s00_couplers/auto_pc/inst/gen_axilite.gen_b2s_conv.axilite_b2s/WR.b_channel_0/mhandshake_r                                   | design_1_cnn_npu_i/axi_interconnect_0/s00_couplers/auto_pc/inst/gen_axilite.gen_b2s_conv.axilite_b2s/WR.b_channel_0/bid_fifo_0/SR[0]          |                3 |              8 |         2.67 |
|  design_1_cnn_npu_i/processing_system7_0/inst/FCLK_CLK0 | design_1_cnn_npu_i/myip_uart_rxtx_0/inst/myip_uart_rxtx_slave_lite_v1_0_S00_AXI_inst/slv_reg5[15]_i_1_n_0                                                          | design_1_cnn_npu_i/myip_uart_rxtx_0/inst/myip_uart_rxtx_slave_lite_v1_0_S00_AXI_inst/u_rx/SR[0]                                               |                2 |              8 |         4.00 |
|  design_1_cnn_npu_i/processing_system7_0/inst/FCLK_CLK0 | design_1_cnn_npu_i/myip_uart_rxtx_0/inst/myip_uart_rxtx_slave_lite_v1_0_S00_AXI_inst/slv_reg1[15]_i_1_n_0                                                          | design_1_cnn_npu_i/myip_uart_rxtx_0/inst/myip_uart_rxtx_slave_lite_v1_0_S00_AXI_inst/u_rx/SR[0]                                               |                1 |              8 |         8.00 |
|  design_1_cnn_npu_i/processing_system7_0/inst/FCLK_CLK0 | design_1_cnn_npu_i/myip_uart_rxtx_0/inst/myip_uart_rxtx_slave_lite_v1_0_S00_AXI_inst/u_tx/data_buf                                                                 | design_1_cnn_npu_i/myip_uart_rxtx_0/inst/myip_uart_rxtx_slave_lite_v1_0_S00_AXI_inst/u_rx/SR[0]                                               |                3 |              8 |         2.67 |
|  design_1_cnn_npu_i/processing_system7_0/inst/FCLK_CLK0 | design_1_cnn_npu_i/myip_uart_rxtx_0/inst/myip_uart_rxtx_slave_lite_v1_0_S00_AXI_inst/u_rx/rx_done_i_1_n_0                                                          | design_1_cnn_npu_i/myip_uart_rxtx_0/inst/myip_uart_rxtx_slave_lite_v1_0_S00_AXI_inst/u_rx/SR[0]                                               |                2 |              8 |         4.00 |
|  design_1_cnn_npu_i/processing_system7_0/inst/FCLK_CLK0 | design_1_cnn_npu_i/myip_cnn_uart_cntr_0/inst/myip_cnn_uart_cntr_slave_lite_v1_0_S00_AXI_inst/slv_reg0[31]                                                          | design_1_cnn_npu_i/myip_cnn_uart_cntr_0/inst/myip_cnn_uart_cntr_slave_lite_v1_0_S00_AXI_inst/M_AXI_AWADDR[31]_i_1_n_0                         |                4 |              8 |         2.00 |
|  design_1_cnn_npu_i/processing_system7_0/inst/FCLK_CLK0 | design_1_cnn_npu_i/myip_cnn_uart_cntr_0/inst/myip_cnn_uart_cntr_slave_lite_v1_0_S00_AXI_inst/slv_reg0[23]                                                          | design_1_cnn_npu_i/myip_cnn_uart_cntr_0/inst/myip_cnn_uart_cntr_slave_lite_v1_0_S00_AXI_inst/M_AXI_AWADDR[31]_i_1_n_0                         |                2 |              8 |         4.00 |
|  design_1_cnn_npu_i/processing_system7_0/inst/FCLK_CLK0 | design_1_cnn_npu_i/myip_cnn_uart_cntr_0/inst/myip_cnn_uart_cntr_slave_lite_v1_0_S00_AXI_inst/slv_reg0[15]                                                          | design_1_cnn_npu_i/myip_cnn_uart_cntr_0/inst/myip_cnn_uart_cntr_slave_lite_v1_0_S00_AXI_inst/M_AXI_AWADDR[31]_i_1_n_0                         |                4 |              8 |         2.00 |
|  design_1_cnn_npu_i/processing_system7_0/inst/FCLK_CLK0 | design_1_cnn_npu_i/myip_uart_rxtx_0/inst/myip_uart_rxtx_slave_lite_v1_0_S00_AXI_inst/slv_reg1[23]_i_1_n_0                                                          | design_1_cnn_npu_i/myip_uart_rxtx_0/inst/myip_uart_rxtx_slave_lite_v1_0_S00_AXI_inst/u_rx/SR[0]                                               |                4 |              8 |         2.00 |
|  design_1_cnn_npu_i/processing_system7_0/inst/FCLK_CLK0 | design_1_cnn_npu_i/myip_cnn_uart_cntr_0/inst/myip_cnn_uart_cntr_slave_lite_v1_0_S00_AXI_inst/p_1_in[26]                                                            | design_1_cnn_npu_i/myip_cnn_uart_cntr_0/inst/myip_cnn_uart_cntr_slave_lite_v1_0_S00_AXI_inst/M_AXI_AWADDR[31]_i_1_n_0                         |                3 |              8 |         2.67 |
|  design_1_cnn_npu_i/processing_system7_0/inst/FCLK_CLK0 | design_1_cnn_npu_i/myip_cnn_uart_cntr_0/inst/myip_cnn_uart_cntr_slave_lite_v1_0_S00_AXI_inst/p_1_in[16]                                                            | design_1_cnn_npu_i/myip_cnn_uart_cntr_0/inst/myip_cnn_uart_cntr_slave_lite_v1_0_S00_AXI_inst/M_AXI_AWADDR[31]_i_1_n_0                         |                3 |              8 |         2.67 |
|  design_1_cnn_npu_i/processing_system7_0/inst/FCLK_CLK0 | design_1_cnn_npu_i/myip_cnn_uart_cntr_0/inst/myip_cnn_uart_cntr_slave_lite_v1_0_S00_AXI_inst/p_1_in[8]                                                             | design_1_cnn_npu_i/myip_cnn_uart_cntr_0/inst/myip_cnn_uart_cntr_slave_lite_v1_0_S00_AXI_inst/M_AXI_AWADDR[31]_i_1_n_0                         |                2 |              8 |         4.00 |
|  design_1_cnn_npu_i/processing_system7_0/inst/FCLK_CLK0 | design_1_cnn_npu_i/myip_cnn_uart_cntr_0/inst/myip_cnn_uart_cntr_slave_lite_v1_0_S00_AXI_inst/p_1_in[3]                                                             | design_1_cnn_npu_i/myip_cnn_uart_cntr_0/inst/myip_cnn_uart_cntr_slave_lite_v1_0_S00_AXI_inst/M_AXI_AWADDR[31]_i_1_n_0                         |                5 |              8 |         1.60 |
|  design_1_cnn_npu_i/processing_system7_0/inst/FCLK_CLK0 | design_1_cnn_npu_i/myip_uart_rxtx_0/inst/myip_uart_rxtx_slave_lite_v1_0_S00_AXI_inst/slv_reg1[31]_i_1_n_0                                                          | design_1_cnn_npu_i/myip_uart_rxtx_0/inst/myip_uart_rxtx_slave_lite_v1_0_S00_AXI_inst/u_rx/SR[0]                                               |                1 |              8 |         8.00 |
|  design_1_cnn_npu_i/processing_system7_0/inst/FCLK_CLK0 | design_1_cnn_npu_i/myip_cnn_uart_cntr_0/inst/myip_cnn_uart_cntr_slave_lite_v1_0_S00_AXI_inst/slv_reg4[7]_i_1_n_0                                                   | design_1_cnn_npu_i/myip_cnn_uart_cntr_0/inst/myip_cnn_uart_cntr_slave_lite_v1_0_S00_AXI_inst/M_AXI_AWADDR[31]_i_1_n_0                         |                2 |              8 |         4.00 |
|  design_1_cnn_npu_i/processing_system7_0/inst/FCLK_CLK0 | design_1_cnn_npu_i/myip_cnn_uart_cntr_0/inst/myip_cnn_uart_cntr_slave_lite_v1_0_S00_AXI_inst/slv_reg4[31]_i_1_n_0                                                  | design_1_cnn_npu_i/myip_cnn_uart_cntr_0/inst/myip_cnn_uart_cntr_slave_lite_v1_0_S00_AXI_inst/M_AXI_AWADDR[31]_i_1_n_0                         |                2 |              8 |         4.00 |
|  design_1_cnn_npu_i/processing_system7_0/inst/FCLK_CLK0 | design_1_cnn_npu_i/myip_cnn_uart_cntr_0/inst/myip_cnn_uart_cntr_slave_lite_v1_0_S00_AXI_inst/slv_reg4[23]_i_1_n_0                                                  | design_1_cnn_npu_i/myip_cnn_uart_cntr_0/inst/myip_cnn_uart_cntr_slave_lite_v1_0_S00_AXI_inst/M_AXI_AWADDR[31]_i_1_n_0                         |                3 |              8 |         2.67 |
|  design_1_cnn_npu_i/processing_system7_0/inst/FCLK_CLK0 | design_1_cnn_npu_i/myip_cnn_uart_cntr_0/inst/myip_cnn_uart_cntr_slave_lite_v1_0_S00_AXI_inst/slv_reg4[15]_i_1_n_0                                                  | design_1_cnn_npu_i/myip_cnn_uart_cntr_0/inst/myip_cnn_uart_cntr_slave_lite_v1_0_S00_AXI_inst/M_AXI_AWADDR[31]_i_1_n_0                         |                1 |              8 |         8.00 |
|  design_1_cnn_npu_i/processing_system7_0/inst/FCLK_CLK0 | design_1_cnn_npu_i/myip_uart_rxtx_0/inst/myip_uart_rxtx_slave_lite_v1_0_S00_AXI_inst/slv_reg1[7]_i_1_n_0                                                           | design_1_cnn_npu_i/myip_uart_rxtx_0/inst/myip_uart_rxtx_slave_lite_v1_0_S00_AXI_inst/u_rx/SR[0]                                               |                1 |              8 |         8.00 |
|  design_1_cnn_npu_i/processing_system7_0/inst/FCLK_CLK0 | design_1_cnn_npu_i/myip_cnn_classificat_0/inst/myip_cnn_classification_slave_lite_v1_0_S00_AXI_inst/p_1_in[31]                                                     | design_1_cnn_npu_i/myip_cnn_classificat_0/inst/myip_cnn_classification_slave_lite_v1_0_S00_AXI_inst/axi_awready_i_1_n_0                       |                1 |              8 |         8.00 |
|  design_1_cnn_npu_i/processing_system7_0/inst/FCLK_CLK0 | design_1_cnn_npu_i/myip_cnn_classificat_0/inst/u_core/d2w_addr[9]_i_1_n_0                                                                                          | design_1_cnn_npu_i/myip_cnn_classificat_0/inst/myip_cnn_classification_slave_lite_v1_0_S00_AXI_inst/reset_p0                                  |                3 |             10 |         3.33 |
|  design_1_cnn_npu_i/processing_system7_0/inst/FCLK_CLK0 |                                                                                                                                                                    | design_1_cnn_npu_i/axi_interconnect_0/s00_couplers/auto_pc/inst/gen_axilite.gen_b2s_conv.axilite_b2s/areset_d1                                |                6 |             10 |         1.67 |
|  design_1_cnn_npu_i/processing_system7_0/inst/FCLK_CLK0 |                                                                                                                                                                    | design_1_cnn_npu_i/myip_cnn_classificat_0/inst/myip_cnn_classification_slave_lite_v1_0_S00_AXI_inst/axi_awready_i_1_n_0                       |                3 |             10 |         3.33 |
|  design_1_cnn_npu_i/processing_system7_0/inst/FCLK_CLK0 |                                                                                                                                                                    | design_1_cnn_npu_i/axi_interconnect_0/xbar/inst/gen_sasd.crossbar_sasd_0/addr_arbiter_inst/SR[0]                                              |                5 |             12 |         2.40 |
|  design_1_cnn_npu_i/processing_system7_0/inst/FCLK_CLK0 | design_1_cnn_npu_i/myip_cnn_classificat_0/inst/u_core/fm3r_addr[12]_i_1_n_0                                                                                        | design_1_cnn_npu_i/myip_cnn_classificat_0/inst/myip_cnn_classification_slave_lite_v1_0_S00_AXI_inst/reset_p0                                  |                5 |             13 |         2.60 |
|  design_1_cnn_npu_i/processing_system7_0/inst/FCLK_CLK0 | design_1_cnn_npu_i/axi_interconnect_0/s00_couplers/auto_pc/inst/gen_axilite.gen_b2s_conv.axilite_b2s/RD.r_channel_0/r_push_r                                       |                                                                                                                                               |                4 |             13 |         3.25 |
|  design_1_cnn_npu_i/processing_system7_0/inst/FCLK_CLK0 | design_1_cnn_npu_i/myip_cnn_classificat_0/inst/u_core/fm2r_addr[13]_i_1_n_0                                                                                        | design_1_cnn_npu_i/myip_cnn_classificat_0/inst/myip_cnn_classification_slave_lite_v1_0_S00_AXI_inst/reset_p0                                  |                5 |             14 |         2.80 |
|  design_1_cnn_npu_i/processing_system7_0/inst/FCLK_CLK0 | design_1_cnn_npu_i/axi_interconnect_0/s00_couplers/auto_pc/inst/gen_axilite.gen_b2s_conv.axilite_b2s/SI_REG/b.b_pipe/s_ready_i_reg_0                               |                                                                                                                                               |                2 |             14 |         7.00 |
|  design_1_cnn_npu_i/processing_system7_0/inst/FCLK_CLK0 | design_1_cnn_npu_i/axi_interconnect_0/s00_couplers/auto_pc/inst/gen_axilite.gen_b2s_conv.axilite_b2s/SI_REG/b.b_pipe/p_1_in                                        |                                                                                                                                               |                2 |             14 |         7.00 |
|  design_1_cnn_npu_i/processing_system7_0/inst/FCLK_CLK0 | design_1_cnn_npu_i/axi_interconnect_0/xbar/inst/gen_sasd.crossbar_sasd_0/reg_slice_r/aa_rready                                                                     |                                                                                                                                               |                7 |             15 |         2.14 |
|  design_1_cnn_npu_i/processing_system7_0/inst/FCLK_CLK0 | design_1_cnn_npu_i/axi_interconnect_0/s00_couplers/auto_pc/inst/gen_axilite.gen_b2s_conv.axilite_b2s/WR.aw_channel_0/aw_cmd_fsm_0/cnt_read_reg[0]                  |                                                                                                                                               |                3 |             16 |         5.33 |
|  design_1_cnn_npu_i/processing_system7_0/inst/FCLK_CLK0 | design_1_cnn_npu_i/myip_cnn_uart_cntr_0/inst/myip_cnn_uart_cntr_slave_lite_v1_0_S00_AXI_inst/rx_cnt[11]_i_1_n_0                                                    | design_1_cnn_npu_i/myip_cnn_uart_cntr_0/inst/myip_cnn_uart_cntr_slave_lite_v1_0_S00_AXI_inst/M_AXI_AWADDR[31]_i_1_n_0                         |                6 |             17 |         2.83 |
|  design_1_cnn_npu_i/processing_system7_0/inst/FCLK_CLK0 | design_1_cnn_npu_i/myip_cnn_classificat_0/inst/u_core/img_raddr__0                                                                                                 | design_1_cnn_npu_i/myip_cnn_classificat_0/inst/myip_cnn_classification_slave_lite_v1_0_S00_AXI_inst/reset_p0                                  |                6 |             19 |         3.17 |
|  design_1_cnn_npu_i/processing_system7_0/inst/FCLK_CLK0 |                                                                                                                                                                    | design_1_cnn_npu_i/myip_cnn_uart_cntr_0/inst/myip_cnn_uart_cntr_slave_lite_v1_0_S00_AXI_inst/M_AXI_AWADDR[31]_i_1_n_0                         |               10 |             19 |         1.90 |
|  design_1_cnn_npu_i/processing_system7_0/inst/FCLK_CLK0 | design_1_cnn_npu_i/axi_interconnect_0/s00_couplers/auto_pc/inst/gen_axilite.gen_b2s_conv.axilite_b2s/WR.aw_channel_0/aw_cmd_fsm_0/m_valid_i_reg_1[0]               |                                                                                                                                               |                7 |             20 |         2.86 |
|  design_1_cnn_npu_i/processing_system7_0/inst/FCLK_CLK0 | design_1_cnn_npu_i/myip_cnn_uart_cntr_0/inst/myip_cnn_uart_cntr_slave_lite_v1_0_S00_AXI_inst/M_AXI_ARADDR[31]_i_1_n_0                                              | design_1_cnn_npu_i/myip_cnn_uart_cntr_0/inst/myip_cnn_uart_cntr_slave_lite_v1_0_S00_AXI_inst/M_AXI_AWADDR[31]_i_1_n_0                         |                8 |             20 |         2.50 |
|  design_1_cnn_npu_i/processing_system7_0/inst/FCLK_CLK0 | design_1_cnn_npu_i/axi_interconnect_0/xbar/inst/gen_sasd.crossbar_sasd_0/addr_arbiter_inst/p_0_in                                                                  | design_1_cnn_npu_i/axi_interconnect_0/xbar/inst/gen_sasd.crossbar_sasd_0/addr_arbiter_inst/SR[0]                                              |                8 |             20 |         2.50 |
|  design_1_cnn_npu_i/processing_system7_0/inst/FCLK_CLK0 | design_1_cnn_npu_i/axi_interconnect_0/s00_couplers/auto_pc/inst/gen_axilite.gen_b2s_conv.axilite_b2s/RD.ar_channel_0/ar_cmd_fsm_0/m_valid_i_reg[0]                 |                                                                                                                                               |                9 |             20 |         2.22 |
|  design_1_cnn_npu_i/processing_system7_0/inst/FCLK_CLK0 | design_1_cnn_npu_i/myip_cnn_classificat_0/inst/u_core/c2w_addr                                                                                                     | design_1_cnn_npu_i/myip_cnn_classificat_0/inst/myip_cnn_classification_slave_lite_v1_0_S00_AXI_inst/reset_p0                                  |                7 |             24 |         3.43 |
|  design_1_cnn_npu_i/processing_system7_0/inst/FCLK_CLK0 | design_1_cnn_npu_i/myip_cnn_classificat_0/inst/u_core/c3w_addr                                                                                                     | design_1_cnn_npu_i/myip_cnn_classificat_0/inst/myip_cnn_classification_slave_lite_v1_0_S00_AXI_inst/reset_p0                                  |                8 |             25 |         3.12 |
|  design_1_cnn_npu_i/processing_system7_0/inst/FCLK_CLK0 | design_1_cnn_npu_i/myip_cnn_classificat_0/inst/u_core/p3r_addr[10]_i_1_n_0                                                                                         | design_1_cnn_npu_i/myip_cnn_classificat_0/inst/myip_cnn_classification_slave_lite_v1_0_S00_AXI_inst/reset_p0                                  |                8 |             28 |         3.50 |
|  design_1_cnn_npu_i/processing_system7_0/inst/FCLK_CLK0 | design_1_cnn_npu_i/myip_cnn_classificat_0/inst/u_core/fm1r_addr[14]_i_1_n_0                                                                                        | design_1_cnn_npu_i/myip_cnn_classificat_0/inst/myip_cnn_classification_slave_lite_v1_0_S00_AXI_inst/reset_p0                                  |               10 |             30 |         3.00 |
|  design_1_cnn_npu_i/processing_system7_0/inst/FCLK_CLK0 |                                                                                                                                                                    | design_1_cnn_npu_i/myip_cnn_classificat_0/inst/myip_cnn_classification_slave_lite_v1_0_S00_AXI_inst/reset_p0                                  |               20 |             30 |         1.50 |
|  design_1_cnn_npu_i/processing_system7_0/inst/FCLK_CLK0 | design_1_cnn_npu_i/myip_cnn_uart_cntr_0/inst/myip_cnn_uart_cntr_slave_lite_v1_0_S00_AXI_inst/img_buf_reg_2048_2303_0_0_i_1_n_0                                     |                                                                                                                                               |                8 |             32 |         4.00 |
|  design_1_cnn_npu_i/processing_system7_0/inst/FCLK_CLK0 | design_1_cnn_npu_i/myip_cnn_uart_cntr_0/inst/myip_cnn_uart_cntr_slave_lite_v1_0_S00_AXI_inst/img_buf_reg_256_511_0_0_i_1_n_0                                       |                                                                                                                                               |                8 |             32 |         4.00 |
|  design_1_cnn_npu_i/processing_system7_0/inst/FCLK_CLK0 | design_1_cnn_npu_i/myip_cnn_uart_cntr_0/inst/myip_cnn_uart_cntr_slave_lite_v1_0_S00_AXI_inst/img_buf_reg_512_767_0_0_i_1_n_0                                       |                                                                                                                                               |                8 |             32 |         4.00 |
|  design_1_cnn_npu_i/processing_system7_0/inst/FCLK_CLK0 | design_1_cnn_npu_i/myip_cnn_uart_cntr_0/inst/myip_cnn_uart_cntr_slave_lite_v1_0_S00_AXI_inst/img_buf_reg_768_1023_0_0_i_1_n_0                                      |                                                                                                                                               |                8 |             32 |         4.00 |
|  design_1_cnn_npu_i/processing_system7_0/inst/FCLK_CLK0 | design_1_cnn_npu_i/myip_cnn_classificat_0/inst/u_core/pool_max                                                                                                     | design_1_cnn_npu_i/myip_cnn_classificat_0/inst/myip_cnn_classification_slave_lite_v1_0_S00_AXI_inst/reset_p0                                  |               10 |             32 |         3.20 |
|  design_1_cnn_npu_i/processing_system7_0/inst/FCLK_CLK0 | design_1_cnn_npu_i/myip_cnn_uart_cntr_0/inst/myip_cnn_uart_cntr_slave_lite_v1_0_S00_AXI_inst/img_buf_reg_1536_1791_0_0_i_1_n_0                                     |                                                                                                                                               |                8 |             32 |         4.00 |
|  design_1_cnn_npu_i/processing_system7_0/inst/FCLK_CLK0 | design_1_cnn_npu_i/myip_cnn_uart_cntr_0/inst/myip_cnn_uart_cntr_slave_lite_v1_0_S00_AXI_inst/img_buf_reg_1792_2047_0_0_i_1_n_0                                     |                                                                                                                                               |                8 |             32 |         4.00 |
|  design_1_cnn_npu_i/processing_system7_0/inst/FCLK_CLK0 | design_1_cnn_npu_i/myip_cnn_uart_cntr_0/inst/myip_cnn_uart_cntr_slave_lite_v1_0_S00_AXI_inst/img_buf_reg_1280_1535_0_0_i_1_n_0                                     |                                                                                                                                               |                8 |             32 |         4.00 |
|  design_1_cnn_npu_i/processing_system7_0/inst/FCLK_CLK0 | design_1_cnn_npu_i/myip_cnn_uart_cntr_0/inst/myip_cnn_uart_cntr_slave_lite_v1_0_S00_AXI_inst/img_buf_reg_0_255_0_0_i_1_n_0                                         |                                                                                                                                               |                8 |             32 |         4.00 |
|  design_1_cnn_npu_i/processing_system7_0/inst/FCLK_CLK0 | design_1_cnn_npu_i/myip_cnn_uart_cntr_0/inst/myip_cnn_uart_cntr_slave_lite_v1_0_S00_AXI_inst/img_buf_reg_1024_1279_0_0_i_1_n_0                                     |                                                                                                                                               |                8 |             32 |         4.00 |
|  design_1_cnn_npu_i/processing_system7_0/inst/FCLK_CLK0 | design_1_cnn_npu_i/myip_cnn_uart_cntr_0/inst/myip_cnn_uart_cntr_slave_lite_v1_0_S00_AXI_inst/M_AXI_AWADDR[31]_i_2_n_0                                              | design_1_cnn_npu_i/myip_cnn_uart_cntr_0/inst/myip_cnn_uart_cntr_slave_lite_v1_0_S00_AXI_inst/M_AXI_AWADDR[31]_i_1_n_0                         |               21 |             32 |         1.52 |
|  design_1_cnn_npu_i/processing_system7_0/inst/FCLK_CLK0 | design_1_cnn_npu_i/myip_cnn_classificat_0/inst/u_core/dense_i[10]_i_1_n_0                                                                                          | design_1_cnn_npu_i/myip_cnn_classificat_0/inst/myip_cnn_classification_slave_lite_v1_0_S00_AXI_inst/reset_p0                                  |               14 |             33 |         2.36 |
|  design_1_cnn_npu_i/processing_system7_0/inst/FCLK_CLK0 | design_1_cnn_npu_i/axi_interconnect_0/s00_couplers/auto_pc/inst/gen_axilite.gen_b2s_conv.axilite_b2s/RD.r_channel_0/rd_data_fifo_0/wr_en0                          |                                                                                                                                               |                9 |             34 |         3.78 |
|  design_1_cnn_npu_i/processing_system7_0/inst/FCLK_CLK0 | design_1_cnn_npu_i/axi_interconnect_0/xbar/inst/gen_sasd.crossbar_sasd_0/addr_arbiter_inst/E[0]                                                                    |                                                                                                                                               |               16 |             35 |         2.19 |
|  design_1_cnn_npu_i/processing_system7_0/inst/FCLK_CLK0 | design_1_cnn_npu_i/axi_interconnect_0/s00_couplers/auto_pc/inst/gen_axilite.gen_b2s_conv.axilite_b2s/WR.aw_channel_0/aw_cmd_fsm_0/m_valid_i_reg_2[0]               |                                                                                                                                               |                9 |             43 |         4.78 |
|  design_1_cnn_npu_i/processing_system7_0/inst/FCLK_CLK0 | design_1_cnn_npu_i/myip_cnn_classificat_0/inst/u_core/pool3_waddr__0                                                                                               | design_1_cnn_npu_i/myip_cnn_classificat_0/inst/myip_cnn_classification_slave_lite_v1_0_S00_AXI_inst/reset_p0                                  |               13 |             43 |         3.31 |
|  design_1_cnn_npu_i/processing_system7_0/inst/FCLK_CLK0 | design_1_cnn_npu_i/axi_interconnect_0/s00_couplers/auto_pc/inst/gen_axilite.gen_b2s_conv.axilite_b2s/SI_REG/aw.aw_pipe/s_ready_i_reg_0                             |                                                                                                                                               |               11 |             43 |         3.91 |
|  design_1_cnn_npu_i/processing_system7_0/inst/FCLK_CLK0 | design_1_cnn_npu_i/axi_interconnect_0/s00_couplers/auto_pc/inst/gen_axilite.gen_b2s_conv.axilite_b2s/SI_REG/ar.ar_pipe/s_ready_i_reg_0                             |                                                                                                                                               |                9 |             43 |         4.78 |
|  design_1_cnn_npu_i/processing_system7_0/inst/FCLK_CLK0 | design_1_cnn_npu_i/axi_interconnect_0/s00_couplers/auto_pc/inst/gen_axilite.gen_b2s_conv.axilite_b2s/RD.ar_channel_0/ar_cmd_fsm_0/FSM_sequential_state_reg[1]_3[0] |                                                                                                                                               |                7 |             43 |         6.14 |
|  design_1_cnn_npu_i/processing_system7_0/inst/FCLK_CLK0 | design_1_cnn_npu_i/myip_cnn_classificat_0/inst/u_core/pool2_wdata[31]_i_1_n_0                                                                                      | design_1_cnn_npu_i/myip_cnn_classificat_0/inst/myip_cnn_classification_slave_lite_v1_0_S00_AXI_inst/reset_p0                                  |               15 |             44 |         2.93 |
|  design_1_cnn_npu_i/processing_system7_0/inst/FCLK_CLK0 | design_1_cnn_npu_i/myip_cnn_classificat_0/inst/u_core/fm3_wdata[31]_i_1_n_0                                                                                        | design_1_cnn_npu_i/myip_cnn_classificat_0/inst/myip_cnn_classification_slave_lite_v1_0_S00_AXI_inst/reset_p0                                  |               16 |             45 |         2.81 |
|  design_1_cnn_npu_i/processing_system7_0/inst/FCLK_CLK0 | design_1_cnn_npu_i/myip_cnn_classificat_0/inst/u_core/pool1_waddr__0                                                                                               | design_1_cnn_npu_i/myip_cnn_classificat_0/inst/myip_cnn_classification_slave_lite_v1_0_S00_AXI_inst/reset_p0                                  |               15 |             45 |         3.00 |
|  design_1_cnn_npu_i/processing_system7_0/inst/FCLK_CLK0 | design_1_cnn_npu_i/myip_cnn_classificat_0/inst/u_core/fm2_waddr__0                                                                                                 | design_1_cnn_npu_i/myip_cnn_classificat_0/inst/myip_cnn_classification_slave_lite_v1_0_S00_AXI_inst/reset_p0                                  |               13 |             46 |         3.54 |
|  design_1_cnn_npu_i/processing_system7_0/inst/FCLK_CLK0 | design_1_cnn_npu_i/axi_interconnect_0/s00_couplers/auto_pc/inst/gen_axilite.gen_b2s_conv.axilite_b2s/SI_REG/r.r_pipe/s_ready_i_reg_0                               |                                                                                                                                               |                9 |             47 |         5.22 |
|  design_1_cnn_npu_i/processing_system7_0/inst/FCLK_CLK0 | design_1_cnn_npu_i/axi_interconnect_0/s00_couplers/auto_pc/inst/gen_axilite.gen_b2s_conv.axilite_b2s/SI_REG/r.r_pipe/p_1_in                                        |                                                                                                                                               |                8 |             47 |         5.88 |
|  design_1_cnn_npu_i/processing_system7_0/inst/FCLK_CLK0 | design_1_cnn_npu_i/myip_cnn_classificat_0/inst/u_core/fm1_wdata[31]_i_1_n_0                                                                                        | design_1_cnn_npu_i/myip_cnn_classificat_0/inst/myip_cnn_classification_slave_lite_v1_0_S00_AXI_inst/reset_p0                                  |               16 |             62 |         3.88 |
|  design_1_cnn_npu_i/processing_system7_0/inst/FCLK_CLK0 | design_1_cnn_npu_i/myip_cnn_classificat_0/inst/u_core/dense1_out[2][62]_i_2_n_0                                                                                    | design_1_cnn_npu_i/myip_cnn_classificat_0/inst/u_core/dense1_out[2][62]_i_1_n_0                                                               |               32 |             63 |         1.97 |
|  design_1_cnn_npu_i/processing_system7_0/inst/FCLK_CLK0 | design_1_cnn_npu_i/myip_cnn_classificat_0/inst/u_core/dense1_out[33][62]_i_2_n_0                                                                                   | design_1_cnn_npu_i/myip_cnn_classificat_0/inst/u_core/dense1_out[33][62]_i_1_n_0                                                              |               25 |             63 |         2.52 |
|  design_1_cnn_npu_i/processing_system7_0/inst/FCLK_CLK0 | design_1_cnn_npu_i/myip_cnn_classificat_0/inst/u_core/dense1_out[0][62]_i_2_n_0                                                                                    | design_1_cnn_npu_i/myip_cnn_classificat_0/inst/u_core/dense1_out[0][62]_i_1_n_0                                                               |               37 |             63 |         1.70 |
|  design_1_cnn_npu_i/processing_system7_0/inst/FCLK_CLK0 | design_1_cnn_npu_i/myip_cnn_classificat_0/inst/u_core/dense1_out[10][62]_i_2_n_0                                                                                   | design_1_cnn_npu_i/myip_cnn_classificat_0/inst/u_core/dense1_out[10][62]_i_1_n_0                                                              |               32 |             63 |         1.97 |
|  design_1_cnn_npu_i/processing_system7_0/inst/FCLK_CLK0 | design_1_cnn_npu_i/myip_cnn_classificat_0/inst/u_core/dense1_out[11][62]_i_2_n_0                                                                                   | design_1_cnn_npu_i/myip_cnn_classificat_0/inst/u_core/dense1_out[11][62]_i_1_n_0                                                              |               25 |             63 |         2.52 |
|  design_1_cnn_npu_i/processing_system7_0/inst/FCLK_CLK0 | design_1_cnn_npu_i/myip_cnn_classificat_0/inst/u_core/dense1_out[12][62]_i_2_n_0                                                                                   | design_1_cnn_npu_i/myip_cnn_classificat_0/inst/u_core/dense1_out[12][62]_i_1_n_0                                                              |               32 |             63 |         1.97 |
|  design_1_cnn_npu_i/processing_system7_0/inst/FCLK_CLK0 | design_1_cnn_npu_i/myip_cnn_classificat_0/inst/u_core/dense1_out[13][62]_i_2_n_0                                                                                   | design_1_cnn_npu_i/myip_cnn_classificat_0/inst/u_core/dense1_out[13][62]_i_1_n_0                                                              |               29 |             63 |         2.17 |
|  design_1_cnn_npu_i/processing_system7_0/inst/FCLK_CLK0 | design_1_cnn_npu_i/myip_cnn_classificat_0/inst/u_core/dense1_out[14][62]_i_2_n_0                                                                                   | design_1_cnn_npu_i/myip_cnn_classificat_0/inst/u_core/dense1_out[14][62]_i_1_n_0                                                              |               27 |             63 |         2.33 |
|  design_1_cnn_npu_i/processing_system7_0/inst/FCLK_CLK0 | design_1_cnn_npu_i/myip_cnn_classificat_0/inst/u_core/dense1_out[15][62]_i_2_n_0                                                                                   | design_1_cnn_npu_i/myip_cnn_classificat_0/inst/u_core/dense1_out[15][62]_i_1_n_0                                                              |               29 |             63 |         2.17 |
|  design_1_cnn_npu_i/processing_system7_0/inst/FCLK_CLK0 | design_1_cnn_npu_i/myip_cnn_classificat_0/inst/u_core/dense1_out[16][62]_i_2_n_0                                                                                   | design_1_cnn_npu_i/myip_cnn_classificat_0/inst/u_core/dense1_out[16][62]_i_1_n_0                                                              |               23 |             63 |         2.74 |
|  design_1_cnn_npu_i/processing_system7_0/inst/FCLK_CLK0 | design_1_cnn_npu_i/myip_cnn_classificat_0/inst/u_core/dense1_out[17][62]_i_2_n_0                                                                                   | design_1_cnn_npu_i/myip_cnn_classificat_0/inst/u_core/dense1_out[17][62]_i_1_n_0                                                              |               32 |             63 |         1.97 |
|  design_1_cnn_npu_i/processing_system7_0/inst/FCLK_CLK0 | design_1_cnn_npu_i/myip_cnn_classificat_0/inst/u_core/dense1_out[30][62]_i_2_n_0                                                                                   | design_1_cnn_npu_i/myip_cnn_classificat_0/inst/u_core/dense1_out[30][62]_i_1_n_0                                                              |               31 |             63 |         2.03 |
|  design_1_cnn_npu_i/processing_system7_0/inst/FCLK_CLK0 | design_1_cnn_npu_i/myip_cnn_classificat_0/inst/u_core/dense1_out[19][62]_i_2_n_0                                                                                   | design_1_cnn_npu_i/myip_cnn_classificat_0/inst/u_core/dense1_out[19][62]_i_1_n_0                                                              |               25 |             63 |         2.52 |
|  design_1_cnn_npu_i/processing_system7_0/inst/FCLK_CLK0 | design_1_cnn_npu_i/myip_cnn_classificat_0/inst/u_core/dense1_out[29][62]_i_2_n_0                                                                                   | design_1_cnn_npu_i/myip_cnn_classificat_0/inst/u_core/dense1_out[29][62]_i_1_n_0                                                              |               25 |             63 |         2.52 |
|  design_1_cnn_npu_i/processing_system7_0/inst/FCLK_CLK0 | design_1_cnn_npu_i/myip_cnn_classificat_0/inst/u_core/dense1_out[28][62]_i_2_n_0                                                                                   | design_1_cnn_npu_i/myip_cnn_classificat_0/inst/u_core/dense1_out[28][62]_i_1_n_0                                                              |               28 |             63 |         2.25 |
|  design_1_cnn_npu_i/processing_system7_0/inst/FCLK_CLK0 | design_1_cnn_npu_i/myip_cnn_classificat_0/inst/u_core/dense1_out[27][62]_i_2_n_0                                                                                   | design_1_cnn_npu_i/myip_cnn_classificat_0/inst/u_core/dense1_out[27][62]_i_1_n_0                                                              |               19 |             63 |         3.32 |
|  design_1_cnn_npu_i/processing_system7_0/inst/FCLK_CLK0 | design_1_cnn_npu_i/myip_cnn_classificat_0/inst/u_core/dense1_out[26][62]_i_2_n_0                                                                                   | design_1_cnn_npu_i/myip_cnn_classificat_0/inst/u_core/dense1_out[26][62]_i_1_n_0                                                              |               25 |             63 |         2.52 |
|  design_1_cnn_npu_i/processing_system7_0/inst/FCLK_CLK0 | design_1_cnn_npu_i/myip_cnn_classificat_0/inst/u_core/dense1_out[25][62]_i_2_n_0                                                                                   | design_1_cnn_npu_i/myip_cnn_classificat_0/inst/u_core/dense1_out[25][62]_i_1_n_0                                                              |               25 |             63 |         2.52 |
|  design_1_cnn_npu_i/processing_system7_0/inst/FCLK_CLK0 | design_1_cnn_npu_i/myip_cnn_classificat_0/inst/u_core/dense1_out[24][62]_i_2_n_0                                                                                   | design_1_cnn_npu_i/myip_cnn_classificat_0/inst/u_core/dense1_out[24][62]_i_1_n_0                                                              |               20 |             63 |         3.15 |
|  design_1_cnn_npu_i/processing_system7_0/inst/FCLK_CLK0 | design_1_cnn_npu_i/myip_cnn_classificat_0/inst/u_core/dense1_out[23][62]_i_2_n_0                                                                                   | design_1_cnn_npu_i/myip_cnn_classificat_0/inst/u_core/dense1_out[23][62]_i_1_n_0                                                              |               23 |             63 |         2.74 |
|  design_1_cnn_npu_i/processing_system7_0/inst/FCLK_CLK0 | design_1_cnn_npu_i/myip_cnn_classificat_0/inst/u_core/dense1_out[22][62]_i_2_n_0                                                                                   | design_1_cnn_npu_i/myip_cnn_classificat_0/inst/u_core/dense1_out[22][62]_i_1_n_0                                                              |               21 |             63 |         3.00 |
|  design_1_cnn_npu_i/processing_system7_0/inst/FCLK_CLK0 | design_1_cnn_npu_i/myip_cnn_classificat_0/inst/u_core/dense1_out[21][62]_i_2_n_0                                                                                   | design_1_cnn_npu_i/myip_cnn_classificat_0/inst/u_core/dense1_out[21][62]_i_1_n_0                                                              |               19 |             63 |         3.32 |
|  design_1_cnn_npu_i/processing_system7_0/inst/FCLK_CLK0 | design_1_cnn_npu_i/myip_cnn_classificat_0/inst/u_core/dense1_out[20][62]_i_2_n_0                                                                                   | design_1_cnn_npu_i/myip_cnn_classificat_0/inst/u_core/dense1_out[20][62]_i_1_n_0                                                              |               16 |             63 |         3.94 |
|  design_1_cnn_npu_i/processing_system7_0/inst/FCLK_CLK0 | design_1_cnn_npu_i/myip_cnn_classificat_0/inst/u_core/dense1_out[1][62]_i_2_n_0                                                                                    | design_1_cnn_npu_i/myip_cnn_classificat_0/inst/u_core/dense1_out[1][62]_i_1_n_0                                                               |               35 |             63 |         1.80 |
|  design_1_cnn_npu_i/processing_system7_0/inst/FCLK_CLK0 | design_1_cnn_npu_i/myip_cnn_classificat_0/inst/u_core/dense1_out[18][62]_i_2_n_0                                                                                   | design_1_cnn_npu_i/myip_cnn_classificat_0/inst/u_core/dense1_out[18][62]_i_1_n_0                                                              |               22 |             63 |         2.86 |
|  design_1_cnn_npu_i/processing_system7_0/inst/FCLK_CLK0 | design_1_cnn_npu_i/myip_cnn_classificat_0/inst/u_core/dense1_out[6][62]_i_2_n_0                                                                                    | design_1_cnn_npu_i/myip_cnn_classificat_0/inst/u_core/dense1_out[6][62]_i_1_n_0                                                               |               37 |             63 |         1.70 |
|  design_1_cnn_npu_i/processing_system7_0/inst/FCLK_CLK0 | design_1_cnn_npu_i/myip_cnn_classificat_0/inst/u_core/dense1_out[4][62]_i_2_n_0                                                                                    | design_1_cnn_npu_i/myip_cnn_classificat_0/inst/u_core/dense1_out[4][62]_i_1_n_0                                                               |               30 |             63 |         2.10 |
|  design_1_cnn_npu_i/processing_system7_0/inst/FCLK_CLK0 | design_1_cnn_npu_i/myip_cnn_classificat_0/inst/u_core/dense1_out[50][62]_i_2_n_0                                                                                   | design_1_cnn_npu_i/myip_cnn_classificat_0/inst/u_core/dense1_out[50][62]_i_1_n_0                                                              |               25 |             63 |         2.52 |
|  design_1_cnn_npu_i/processing_system7_0/inst/FCLK_CLK0 | design_1_cnn_npu_i/myip_cnn_classificat_0/inst/u_core/dense1_out[51][62]_i_2_n_0                                                                                   | design_1_cnn_npu_i/myip_cnn_classificat_0/inst/u_core/dense1_out[51][62]_i_1_n_0                                                              |               29 |             63 |         2.17 |
|  design_1_cnn_npu_i/processing_system7_0/inst/FCLK_CLK0 | design_1_cnn_npu_i/myip_cnn_classificat_0/inst/u_core/dense1_out[52][62]_i_2_n_0                                                                                   | design_1_cnn_npu_i/myip_cnn_classificat_0/inst/u_core/dense1_out[52][62]_i_1_n_0                                                              |               22 |             63 |         2.86 |
|  design_1_cnn_npu_i/processing_system7_0/inst/FCLK_CLK0 | design_1_cnn_npu_i/myip_cnn_classificat_0/inst/u_core/dense1_out[31][62]_i_2_n_0                                                                                   | design_1_cnn_npu_i/myip_cnn_classificat_0/inst/u_core/dense1_out[31][62]_i_1_n_0                                                              |               32 |             63 |         1.97 |
|  design_1_cnn_npu_i/processing_system7_0/inst/FCLK_CLK0 | design_1_cnn_npu_i/myip_cnn_classificat_0/inst/u_core/dense1_out[54][62]_i_2_n_0                                                                                   | design_1_cnn_npu_i/myip_cnn_classificat_0/inst/u_core/dense1_out[54][62]_i_1_n_0                                                              |               27 |             63 |         2.33 |
|  design_1_cnn_npu_i/processing_system7_0/inst/FCLK_CLK0 | design_1_cnn_npu_i/myip_cnn_classificat_0/inst/u_core/dense1_out[9][62]_i_2_n_0                                                                                    | design_1_cnn_npu_i/myip_cnn_classificat_0/inst/u_core/dense1_out[9][62]_i_1_n_0                                                               |               46 |             63 |         1.37 |
|  design_1_cnn_npu_i/processing_system7_0/inst/FCLK_CLK0 | design_1_cnn_npu_i/myip_cnn_classificat_0/inst/u_core/dense1_out[8][62]_i_2_n_0                                                                                    | design_1_cnn_npu_i/myip_cnn_classificat_0/inst/u_core/dense1_out[8][62]_i_1_n_0                                                               |               30 |             63 |         2.10 |
|  design_1_cnn_npu_i/processing_system7_0/inst/FCLK_CLK0 | design_1_cnn_npu_i/myip_cnn_classificat_0/inst/u_core/dense1_out[7][62]_i_2_n_0                                                                                    | design_1_cnn_npu_i/myip_cnn_classificat_0/inst/u_core/dense1_out[7][62]_i_1_n_0                                                               |               35 |             63 |         1.80 |
|  design_1_cnn_npu_i/processing_system7_0/inst/FCLK_CLK0 | design_1_cnn_npu_i/myip_cnn_classificat_0/inst/u_core/dense1_out[53][62]_i_2_n_0                                                                                   | design_1_cnn_npu_i/myip_cnn_classificat_0/inst/u_core/dense1_out[53][62]_i_1_n_0                                                              |               26 |             63 |         2.42 |
|  design_1_cnn_npu_i/processing_system7_0/inst/FCLK_CLK0 | design_1_cnn_npu_i/myip_cnn_classificat_0/inst/u_core/dense1_out[63][62]_i_2_n_0                                                                                   | design_1_cnn_npu_i/myip_cnn_classificat_0/inst/u_core/dense1_out[63][62]_i_1_n_0                                                              |               46 |             63 |         1.37 |
|  design_1_cnn_npu_i/processing_system7_0/inst/FCLK_CLK0 | design_1_cnn_npu_i/myip_cnn_classificat_0/inst/u_core/dense1_out[62][62]_i_2_n_0                                                                                   | design_1_cnn_npu_i/myip_cnn_classificat_0/inst/u_core/dense1_out[62][62]_i_1_n_0                                                              |               29 |             63 |         2.17 |
|  design_1_cnn_npu_i/processing_system7_0/inst/FCLK_CLK0 | design_1_cnn_npu_i/myip_cnn_classificat_0/inst/u_core/dense1_out[61][62]_i_2_n_0                                                                                   | design_1_cnn_npu_i/myip_cnn_classificat_0/inst/u_core/dense1_out[61][62]_i_1_n_0                                                              |               32 |             63 |         1.97 |
|  design_1_cnn_npu_i/processing_system7_0/inst/FCLK_CLK0 | design_1_cnn_npu_i/myip_cnn_classificat_0/inst/u_core/dense1_out[60][62]_i_2_n_0                                                                                   | design_1_cnn_npu_i/myip_cnn_classificat_0/inst/u_core/dense1_out[60][62]_i_1_n_0                                                              |               23 |             63 |         2.74 |
|  design_1_cnn_npu_i/processing_system7_0/inst/FCLK_CLK0 | design_1_cnn_npu_i/myip_cnn_classificat_0/inst/u_core/dense1_out[5][62]_i_2_n_0                                                                                    | design_1_cnn_npu_i/myip_cnn_classificat_0/inst/u_core/dense1_out[5][62]_i_1_n_0                                                               |               36 |             63 |         1.75 |
|  design_1_cnn_npu_i/processing_system7_0/inst/FCLK_CLK0 | design_1_cnn_npu_i/myip_cnn_classificat_0/inst/u_core/dense1_out[59][62]_i_2_n_0                                                                                   | design_1_cnn_npu_i/myip_cnn_classificat_0/inst/u_core/dense1_out[59][62]_i_1_n_0                                                              |               24 |             63 |         2.62 |
|  design_1_cnn_npu_i/processing_system7_0/inst/FCLK_CLK0 | design_1_cnn_npu_i/myip_cnn_classificat_0/inst/u_core/dense1_out[58][62]_i_2_n_0                                                                                   | design_1_cnn_npu_i/myip_cnn_classificat_0/inst/u_core/dense1_out[58][62]_i_1_n_0                                                              |               28 |             63 |         2.25 |
|  design_1_cnn_npu_i/processing_system7_0/inst/FCLK_CLK0 | design_1_cnn_npu_i/myip_cnn_classificat_0/inst/u_core/dense1_out[57][62]_i_2_n_0                                                                                   | design_1_cnn_npu_i/myip_cnn_classificat_0/inst/u_core/dense1_out[57][62]_i_1_n_0                                                              |               17 |             63 |         3.71 |
|  design_1_cnn_npu_i/processing_system7_0/inst/FCLK_CLK0 | design_1_cnn_npu_i/myip_cnn_classificat_0/inst/u_core/dense1_out[56][62]_i_2_n_0                                                                                   | design_1_cnn_npu_i/myip_cnn_classificat_0/inst/u_core/dense1_out[56][62]_i_1_n_0                                                              |               29 |             63 |         2.17 |
|  design_1_cnn_npu_i/processing_system7_0/inst/FCLK_CLK0 | design_1_cnn_npu_i/myip_cnn_classificat_0/inst/u_core/dense1_out[48][62]_i_2_n_0                                                                                   | design_1_cnn_npu_i/myip_cnn_classificat_0/inst/u_core/dense1_out[48][62]_i_1_n_0                                                              |               20 |             63 |         3.15 |
|  design_1_cnn_npu_i/processing_system7_0/inst/FCLK_CLK0 | design_1_cnn_npu_i/myip_cnn_classificat_0/inst/u_core/dense1_out[32][62]_i_2_n_0                                                                                   | design_1_cnn_npu_i/myip_cnn_classificat_0/inst/u_core/dense1_out[32][62]_i_1_n_0                                                              |               23 |             63 |         2.74 |
|  design_1_cnn_npu_i/processing_system7_0/inst/FCLK_CLK0 | design_1_cnn_npu_i/myip_cnn_classificat_0/inst/u_core/dense1_out[55][62]_i_2_n_0                                                                                   | design_1_cnn_npu_i/myip_cnn_classificat_0/inst/u_core/dense1_out[55][62]_i_1_n_0                                                              |               22 |             63 |         2.86 |
|  design_1_cnn_npu_i/processing_system7_0/inst/FCLK_CLK0 | design_1_cnn_npu_i/myip_cnn_classificat_0/inst/u_core/dense1_out[34][62]_i_2_n_0                                                                                   | design_1_cnn_npu_i/myip_cnn_classificat_0/inst/u_core/dense1_out[34][62]_i_1_n_0                                                              |               24 |             63 |         2.62 |
|  design_1_cnn_npu_i/processing_system7_0/inst/FCLK_CLK0 | design_1_cnn_npu_i/myip_cnn_classificat_0/inst/u_core/dense1_out[35][62]_i_2_n_0                                                                                   | design_1_cnn_npu_i/myip_cnn_classificat_0/inst/u_core/dense1_out[35][62]_i_1_n_0                                                              |               19 |             63 |         3.32 |
|  design_1_cnn_npu_i/processing_system7_0/inst/FCLK_CLK0 | design_1_cnn_npu_i/myip_cnn_classificat_0/inst/u_core/dense1_out[36][62]_i_2_n_0                                                                                   | design_1_cnn_npu_i/myip_cnn_classificat_0/inst/u_core/dense1_out[36][62]_i_1_n_0                                                              |               19 |             63 |         3.32 |
|  design_1_cnn_npu_i/processing_system7_0/inst/FCLK_CLK0 | design_1_cnn_npu_i/myip_cnn_classificat_0/inst/u_core/dense1_out[37][62]_i_2_n_0                                                                                   | design_1_cnn_npu_i/myip_cnn_classificat_0/inst/u_core/dense1_out[37][62]_i_1_n_0                                                              |               21 |             63 |         3.00 |
|  design_1_cnn_npu_i/processing_system7_0/inst/FCLK_CLK0 | design_1_cnn_npu_i/myip_cnn_classificat_0/inst/u_core/dense1_out[38][62]_i_2_n_0                                                                                   | design_1_cnn_npu_i/myip_cnn_classificat_0/inst/u_core/dense1_out[38][62]_i_1_n_0                                                              |               20 |             63 |         3.15 |
|  design_1_cnn_npu_i/processing_system7_0/inst/FCLK_CLK0 | design_1_cnn_npu_i/myip_cnn_classificat_0/inst/u_core/dense1_out[39][62]_i_2_n_0                                                                                   | design_1_cnn_npu_i/myip_cnn_classificat_0/inst/u_core/dense1_out[39][62]_i_1_n_0                                                              |               18 |             63 |         3.50 |
|  design_1_cnn_npu_i/processing_system7_0/inst/FCLK_CLK0 | design_1_cnn_npu_i/myip_cnn_classificat_0/inst/u_core/dense1_out[3][62]_i_2_n_0                                                                                    | design_1_cnn_npu_i/myip_cnn_classificat_0/inst/u_core/dense1_out[3][62]_i_1_n_0                                                               |               35 |             63 |         1.80 |
|  design_1_cnn_npu_i/processing_system7_0/inst/FCLK_CLK0 | design_1_cnn_npu_i/myip_cnn_classificat_0/inst/u_core/dense1_out[40][62]_i_2_n_0                                                                                   | design_1_cnn_npu_i/myip_cnn_classificat_0/inst/u_core/dense1_out[40][62]_i_1_n_0                                                              |               26 |             63 |         2.42 |
|  design_1_cnn_npu_i/processing_system7_0/inst/FCLK_CLK0 | design_1_cnn_npu_i/myip_cnn_classificat_0/inst/u_core/dense1_out[41][62]_i_2_n_0                                                                                   | design_1_cnn_npu_i/myip_cnn_classificat_0/inst/u_core/dense1_out[41][62]_i_1_n_0                                                              |               20 |             63 |         3.15 |
|  design_1_cnn_npu_i/processing_system7_0/inst/FCLK_CLK0 | design_1_cnn_npu_i/myip_cnn_classificat_0/inst/u_core/dense1_out[42][62]_i_2_n_0                                                                                   | design_1_cnn_npu_i/myip_cnn_classificat_0/inst/u_core/dense1_out[42][62]_i_1_n_0                                                              |               28 |             63 |         2.25 |
|  design_1_cnn_npu_i/processing_system7_0/inst/FCLK_CLK0 | design_1_cnn_npu_i/myip_cnn_classificat_0/inst/u_core/dense1_out[43][62]_i_2_n_0                                                                                   | design_1_cnn_npu_i/myip_cnn_classificat_0/inst/u_core/dense1_out[43][62]_i_1_n_0                                                              |               24 |             63 |         2.62 |
|  design_1_cnn_npu_i/processing_system7_0/inst/FCLK_CLK0 | design_1_cnn_npu_i/myip_cnn_classificat_0/inst/u_core/dense1_out[49][62]_i_2_n_0                                                                                   | design_1_cnn_npu_i/myip_cnn_classificat_0/inst/u_core/dense1_out[49][62]_i_1_n_0                                                              |               27 |             63 |         2.33 |
|  design_1_cnn_npu_i/processing_system7_0/inst/FCLK_CLK0 | design_1_cnn_npu_i/myip_cnn_classificat_0/inst/u_core/dense1_out[47][62]_i_2_n_0                                                                                   | design_1_cnn_npu_i/myip_cnn_classificat_0/inst/u_core/dense1_out[47][62]_i_1_n_0                                                              |               37 |             63 |         1.70 |
|  design_1_cnn_npu_i/processing_system7_0/inst/FCLK_CLK0 | design_1_cnn_npu_i/myip_cnn_classificat_0/inst/u_core/dense1_out[46][62]_i_2_n_0                                                                                   | design_1_cnn_npu_i/myip_cnn_classificat_0/inst/u_core/dense1_out[46][62]_i_1_n_0                                                              |               38 |             63 |         1.66 |
|  design_1_cnn_npu_i/processing_system7_0/inst/FCLK_CLK0 | design_1_cnn_npu_i/myip_cnn_classificat_0/inst/u_core/dense1_out[45][62]_i_2_n_0                                                                                   | design_1_cnn_npu_i/myip_cnn_classificat_0/inst/u_core/dense1_out[45][62]_i_1_n_0                                                              |               27 |             63 |         2.33 |
|  design_1_cnn_npu_i/processing_system7_0/inst/FCLK_CLK0 | design_1_cnn_npu_i/myip_cnn_classificat_0/inst/u_core/dense1_out[44][62]_i_2_n_0                                                                                   | design_1_cnn_npu_i/myip_cnn_classificat_0/inst/u_core/dense1_out[44][62]_i_1_n_0                                                              |               25 |             63 |         2.52 |
|  design_1_cnn_npu_i/processing_system7_0/inst/FCLK_CLK0 | design_1_cnn_npu_i/myip_cnn_classificat_0/inst/u_core/dense2_out[8][63]_i_1_n_0                                                                                    |                                                                                                                                               |               31 |             64 |         2.06 |
|  design_1_cnn_npu_i/processing_system7_0/inst/FCLK_CLK0 | design_1_cnn_npu_i/myip_cnn_classificat_0/inst/u_core/sum[63]_i_1_n_0                                                                                              | design_1_cnn_npu_i/myip_cnn_classificat_0/inst/myip_cnn_classification_slave_lite_v1_0_S00_AXI_inst/reset_p0                                  |               32 |             64 |         2.00 |
|  design_1_cnn_npu_i/processing_system7_0/inst/FCLK_CLK0 | design_1_cnn_npu_i/myip_cnn_classificat_0/inst/u_core/max_val                                                                                                      | design_1_cnn_npu_i/myip_cnn_classificat_0/inst/myip_cnn_classification_slave_lite_v1_0_S00_AXI_inst/reset_p0                                  |               14 |             64 |         4.57 |
|  design_1_cnn_npu_i/processing_system7_0/inst/FCLK_CLK0 | design_1_cnn_npu_i/myip_cnn_classificat_0/inst/u_core/dense2_out[2][63]_i_1_n_0                                                                                    |                                                                                                                                               |               29 |             64 |         2.21 |
|  design_1_cnn_npu_i/processing_system7_0/inst/FCLK_CLK0 | design_1_cnn_npu_i/myip_cnn_classificat_0/inst/u_core/dense2_out[7][63]_i_1_n_0                                                                                    |                                                                                                                                               |               29 |             64 |         2.21 |
|  design_1_cnn_npu_i/processing_system7_0/inst/FCLK_CLK0 | design_1_cnn_npu_i/myip_cnn_classificat_0/inst/u_core/dense2_out[6][63]_i_1_n_0                                                                                    |                                                                                                                                               |               32 |             64 |         2.00 |
|  design_1_cnn_npu_i/processing_system7_0/inst/FCLK_CLK0 | design_1_cnn_npu_i/myip_cnn_classificat_0/inst/u_core/dense2_out[5][63]_i_1_n_0                                                                                    |                                                                                                                                               |               32 |             64 |         2.00 |
|  design_1_cnn_npu_i/processing_system7_0/inst/FCLK_CLK0 | design_1_cnn_npu_i/myip_cnn_classificat_0/inst/u_core/dense2_out[4][63]_i_1_n_0                                                                                    |                                                                                                                                               |               32 |             64 |         2.00 |
|  design_1_cnn_npu_i/processing_system7_0/inst/FCLK_CLK0 | design_1_cnn_npu_i/myip_cnn_classificat_0/inst/u_core/dense2_out[3][63]_i_1_n_0                                                                                    |                                                                                                                                               |               35 |             64 |         1.83 |
|  design_1_cnn_npu_i/processing_system7_0/inst/FCLK_CLK0 | design_1_cnn_npu_i/myip_cnn_classificat_0/inst/u_core/dense2_out[0][63]_i_1_n_0                                                                                    |                                                                                                                                               |               19 |             64 |         3.37 |
|  design_1_cnn_npu_i/processing_system7_0/inst/FCLK_CLK0 | design_1_cnn_npu_i/myip_cnn_classificat_0/inst/u_core/dense2_out[1][63]_i_1_n_0                                                                                    |                                                                                                                                               |               31 |             64 |         2.06 |
|  design_1_cnn_npu_i/processing_system7_0/inst/FCLK_CLK0 |                                                                                                                                                                    | design_1_cnn_npu_i/myip_uart_rxtx_0/inst/myip_uart_rxtx_slave_lite_v1_0_S00_AXI_inst/u_rx/SR[0]                                               |               32 |            102 |         3.19 |
|  design_1_cnn_npu_i/processing_system7_0/inst/FCLK_CLK0 |                                                                                                                                                                    |                                                                                                                                               |               78 |            177 |         2.27 |
+---------------------------------------------------------+--------------------------------------------------------------------------------------------------------------------------------------------------------------------+-----------------------------------------------------------------------------------------------------------------------------------------------+------------------+----------------+--------------+


